{
    "-profile test": {
        "content": [
            153,
            {
                "ABOSNPS2PHENO": {
                    "python": "3.13.5",
                    "pandas": "2.3.1",
                    "numpy": "2.3.2",
                    "xlsxwriter": "3.2.5"
                },
                "FASTQC": {
                    "fastqc": "0.12.1"
                },
                "GETABOSNPS": {
                    "python": "3.13.5",
                    "pandas": "2.3.1",
                    "json5": "0.12.0"
                },
                "MAKEINDEX": {
                    "awk": "5.3.1"
                },
                "MINIMAP2_ALIGN": {
                    "minimap2": "2.29-r1283",
                    "samtools": 1.21
                },
                "MPILEUP_NUCL_FREQ": {
                    "python": "3.9.5",
                    "re": "2.2.1"
                },
                "SAMTOOLS_COVERAGE": {
                    "samtools": 1.21
                },
                "SAMTOOLS_FLAGSTAT": {
                    "samtools": 1.21
                },
                "SAMTOOLS_MPILEUP": {
                    "samtools": 1.21
                },
                "SAMTOOLS_STATS": {
                    "samtools": 1.21
                },
                "Workflow": {
                    "nf-core/abotyper": "v1.1.0"
                }
            },
            [
                "ABO_result.txt",
                "ABO_result.xlsx",
                "ABO_results.log",
                "final_export.csv",
                "getabosnps",
                "getabosnps/ABO_AA_barcode01.ABOPhenotype.txt",
                "getabosnps/ABO_AA_barcode01.log.txt",
                "getabosnps/ABO_AB_barcode02.ABOPhenotype.txt",
                "getabosnps/ABO_AB_barcode02.log.txt",
                "getabosnps/ABO_AO1_barcode03.ABOPhenotype.txt",
                "getabosnps/ABO_AO1_barcode03.log.txt",
                "getabosnps/ABO_AO2_barcode04.ABOPhenotype.txt",
                "getabosnps/ABO_AO2_barcode04.log.txt",
                "getabosnps/ABO_BB_barcode05.ABOPhenotype.txt",
                "getabosnps/ABO_BB_barcode05.log.txt",
                "getabosnps/ABO_BO1_barcode06.ABOPhenotype.txt",
                "getabosnps/ABO_BO1_barcode06.log.txt",
                "getabosnps/ABO_BO2_barcode07.ABOPhenotype.txt",
                "getabosnps/ABO_BO2_barcode07.log.txt",
                "getabosnps/ABO_O1O1_barcode08.ABOPhenotype.txt",
                "getabosnps/ABO_O1O1_barcode08.log.txt",
                "getabosnps/ABO_O1O2_barcode09.ABOPhenotype.txt",
                "getabosnps/ABO_O1O2_barcode09.log.txt",
                "getabosnps/ABO_O2O2_barcode10.ABOPhenotype.txt",
                "getabosnps/ABO_O2O2_barcode10.log.txt",
                "mpileup",
                "mpileup/ABOReadPolymorphisms.txt",
                "mpileup/ABO_AA_barcode01.AlignmentStatistics.tsv",
                "mpileup/ABO_AB_barcode02.AlignmentStatistics.tsv",
                "mpileup/ABO_AO1_barcode03.AlignmentStatistics.tsv",
                "mpileup/ABO_AO2_barcode04.AlignmentStatistics.tsv",
                "mpileup/ABO_BB_barcode05.AlignmentStatistics.tsv",
                "mpileup/ABO_BO1_barcode06.AlignmentStatistics.tsv",
                "mpileup/ABO_BO2_barcode07.AlignmentStatistics.tsv",
                "mpileup/ABO_O1O1_barcode08.AlignmentStatistics.tsv",
                "mpileup/ABO_O1O2_barcode09.AlignmentStatistics.tsv",
                "mpileup/ABO_O2O2_barcode10.AlignmentStatistics.tsv",
                "per_sample_processing",
                "per_sample_processing/ABO_AA_barcode01",
                "per_sample_processing/ABO_AA_barcode01/exon6",
                "per_sample_processing/ABO_AA_barcode01/exon6/ABO_AA_barcode01.ABOPhenotype.txt",
                "per_sample_processing/ABO_AA_barcode01/exon6/alignment",
                "per_sample_processing/ABO_AA_barcode01/exon6/alignment/ABO_AA_barcode01.bam",
                "per_sample_processing/ABO_AA_barcode01/exon6/alignment/ABO_AA_barcode01.bam.bai",
                "per_sample_processing/ABO_AA_barcode01/exon6/alignment/ABO_AA_barcode01.coverage.txt",
                "per_sample_processing/ABO_AA_barcode01/exon6/alignment/ABO_AA_barcode01.flagstat",
                "per_sample_processing/ABO_AA_barcode01/exon6/alignment/ABO_AA_barcode01.stats",
                "per_sample_processing/ABO_AA_barcode01/exon6/mpileup",
                "per_sample_processing/ABO_AA_barcode01/exon6/mpileup/ABO_AA_barcode01.mpileup.gz",
                "per_sample_processing/ABO_AA_barcode01/exon7",
                "per_sample_processing/ABO_AA_barcode01/exon7/ABO_AA_barcode01.ABOPhenotype.txt",
                "per_sample_processing/ABO_AA_barcode01/exon7/alignment",
                "per_sample_processing/ABO_AA_barcode01/exon7/alignment/ABO_AA_barcode01.bam",
                "per_sample_processing/ABO_AA_barcode01/exon7/alignment/ABO_AA_barcode01.bam.bai",
                "per_sample_processing/ABO_AA_barcode01/exon7/alignment/ABO_AA_barcode01.coverage.txt",
                "per_sample_processing/ABO_AA_barcode01/exon7/alignment/ABO_AA_barcode01.flagstat",
                "per_sample_processing/ABO_AA_barcode01/exon7/alignment/ABO_AA_barcode01.stats",
                "per_sample_processing/ABO_AA_barcode01/exon7/mpileup",
                "per_sample_processing/ABO_AA_barcode01/exon7/mpileup/ABO_AA_barcode01.mpileup.gz",
                "per_sample_processing/ABO_AB_barcode02",
                "per_sample_processing/ABO_AB_barcode02/exon6",
                "per_sample_processing/ABO_AB_barcode02/exon6/ABO_AB_barcode02.ABOPhenotype.txt",
                "per_sample_processing/ABO_AB_barcode02/exon6/alignment",
                "per_sample_processing/ABO_AB_barcode02/exon6/alignment/ABO_AB_barcode02.bam",
                "per_sample_processing/ABO_AB_barcode02/exon6/alignment/ABO_AB_barcode02.bam.bai",
                "per_sample_processing/ABO_AB_barcode02/exon6/alignment/ABO_AB_barcode02.coverage.txt",
                "per_sample_processing/ABO_AB_barcode02/exon6/alignment/ABO_AB_barcode02.flagstat",
                "per_sample_processing/ABO_AB_barcode02/exon6/alignment/ABO_AB_barcode02.stats",
                "per_sample_processing/ABO_AB_barcode02/exon6/mpileup",
                "per_sample_processing/ABO_AB_barcode02/exon6/mpileup/ABO_AB_barcode02.mpileup.gz",
                "per_sample_processing/ABO_AB_barcode02/exon7",
                "per_sample_processing/ABO_AB_barcode02/exon7/ABO_AB_barcode02.ABOPhenotype.txt",
                "per_sample_processing/ABO_AB_barcode02/exon7/alignment",
                "per_sample_processing/ABO_AB_barcode02/exon7/alignment/ABO_AB_barcode02.bam",
                "per_sample_processing/ABO_AB_barcode02/exon7/alignment/ABO_AB_barcode02.bam.bai",
                "per_sample_processing/ABO_AB_barcode02/exon7/alignment/ABO_AB_barcode02.coverage.txt",
                "per_sample_processing/ABO_AB_barcode02/exon7/alignment/ABO_AB_barcode02.flagstat",
                "per_sample_processing/ABO_AB_barcode02/exon7/alignment/ABO_AB_barcode02.stats",
                "per_sample_processing/ABO_AB_barcode02/exon7/mpileup",
                "per_sample_processing/ABO_AB_barcode02/exon7/mpileup/ABO_AB_barcode02.mpileup.gz",
                "per_sample_processing/ABO_AO1_barcode03",
                "per_sample_processing/ABO_AO1_barcode03/exon6",
                "per_sample_processing/ABO_AO1_barcode03/exon6/ABO_AO1_barcode03.ABOPhenotype.txt",
                "per_sample_processing/ABO_AO1_barcode03/exon6/alignment",
                "per_sample_processing/ABO_AO1_barcode03/exon6/alignment/ABO_AO1_barcode03.bam",
                "per_sample_processing/ABO_AO1_barcode03/exon6/alignment/ABO_AO1_barcode03.bam.bai",
                "per_sample_processing/ABO_AO1_barcode03/exon6/alignment/ABO_AO1_barcode03.coverage.txt",
                "per_sample_processing/ABO_AO1_barcode03/exon6/alignment/ABO_AO1_barcode03.flagstat",
                "per_sample_processing/ABO_AO1_barcode03/exon6/alignment/ABO_AO1_barcode03.stats",
                "per_sample_processing/ABO_AO1_barcode03/exon6/mpileup",
                "per_sample_processing/ABO_AO1_barcode03/exon6/mpileup/ABO_AO1_barcode03.mpileup.gz",
                "per_sample_processing/ABO_AO1_barcode03/exon7",
                "per_sample_processing/ABO_AO1_barcode03/exon7/ABO_AO1_barcode03.ABOPhenotype.txt",
                "per_sample_processing/ABO_AO1_barcode03/exon7/alignment",
                "per_sample_processing/ABO_AO1_barcode03/exon7/alignment/ABO_AO1_barcode03.bam",
                "per_sample_processing/ABO_AO1_barcode03/exon7/alignment/ABO_AO1_barcode03.bam.bai",
                "per_sample_processing/ABO_AO1_barcode03/exon7/alignment/ABO_AO1_barcode03.coverage.txt",
                "per_sample_processing/ABO_AO1_barcode03/exon7/alignment/ABO_AO1_barcode03.flagstat",
                "per_sample_processing/ABO_AO1_barcode03/exon7/alignment/ABO_AO1_barcode03.stats",
                "per_sample_processing/ABO_AO1_barcode03/exon7/mpileup",
                "per_sample_processing/ABO_AO1_barcode03/exon7/mpileup/ABO_AO1_barcode03.mpileup.gz",
                "per_sample_processing/ABO_AO2_barcode04",
                "per_sample_processing/ABO_AO2_barcode04/exon6",
                "per_sample_processing/ABO_AO2_barcode04/exon6/ABO_AO2_barcode04.ABOPhenotype.txt",
                "per_sample_processing/ABO_AO2_barcode04/exon6/alignment",
                "per_sample_processing/ABO_AO2_barcode04/exon6/alignment/ABO_AO2_barcode04.bam",
                "per_sample_processing/ABO_AO2_barcode04/exon6/alignment/ABO_AO2_barcode04.bam.bai",
                "per_sample_processing/ABO_AO2_barcode04/exon6/alignment/ABO_AO2_barcode04.coverage.txt",
                "per_sample_processing/ABO_AO2_barcode04/exon6/alignment/ABO_AO2_barcode04.flagstat",
                "per_sample_processing/ABO_AO2_barcode04/exon6/alignment/ABO_AO2_barcode04.stats",
                "per_sample_processing/ABO_AO2_barcode04/exon6/mpileup",
                "per_sample_processing/ABO_AO2_barcode04/exon6/mpileup/ABO_AO2_barcode04.mpileup.gz",
                "per_sample_processing/ABO_AO2_barcode04/exon7",
                "per_sample_processing/ABO_AO2_barcode04/exon7/ABO_AO2_barcode04.ABOPhenotype.txt",
                "per_sample_processing/ABO_AO2_barcode04/exon7/alignment",
                "per_sample_processing/ABO_AO2_barcode04/exon7/alignment/ABO_AO2_barcode04.bam",
                "per_sample_processing/ABO_AO2_barcode04/exon7/alignment/ABO_AO2_barcode04.bam.bai",
                "per_sample_processing/ABO_AO2_barcode04/exon7/alignment/ABO_AO2_barcode04.coverage.txt",
                "per_sample_processing/ABO_AO2_barcode04/exon7/alignment/ABO_AO2_barcode04.flagstat",
                "per_sample_processing/ABO_AO2_barcode04/exon7/alignment/ABO_AO2_barcode04.stats",
                "per_sample_processing/ABO_AO2_barcode04/exon7/mpileup",
                "per_sample_processing/ABO_AO2_barcode04/exon7/mpileup/ABO_AO2_barcode04.mpileup.gz",
                "per_sample_processing/ABO_BB_barcode05",
                "per_sample_processing/ABO_BB_barcode05/exon6",
                "per_sample_processing/ABO_BB_barcode05/exon6/ABO_BB_barcode05.ABOPhenotype.txt",
                "per_sample_processing/ABO_BB_barcode05/exon6/alignment",
                "per_sample_processing/ABO_BB_barcode05/exon6/alignment/ABO_BB_barcode05.bam",
                "per_sample_processing/ABO_BB_barcode05/exon6/alignment/ABO_BB_barcode05.bam.bai",
                "per_sample_processing/ABO_BB_barcode05/exon6/alignment/ABO_BB_barcode05.coverage.txt",
                "per_sample_processing/ABO_BB_barcode05/exon6/alignment/ABO_BB_barcode05.flagstat",
                "per_sample_processing/ABO_BB_barcode05/exon6/alignment/ABO_BB_barcode05.stats",
                "per_sample_processing/ABO_BB_barcode05/exon6/mpileup",
                "per_sample_processing/ABO_BB_barcode05/exon6/mpileup/ABO_BB_barcode05.mpileup.gz",
                "per_sample_processing/ABO_BB_barcode05/exon7",
                "per_sample_processing/ABO_BB_barcode05/exon7/ABO_BB_barcode05.ABOPhenotype.txt",
                "per_sample_processing/ABO_BB_barcode05/exon7/alignment",
                "per_sample_processing/ABO_BB_barcode05/exon7/alignment/ABO_BB_barcode05.bam",
                "per_sample_processing/ABO_BB_barcode05/exon7/alignment/ABO_BB_barcode05.bam.bai",
                "per_sample_processing/ABO_BB_barcode05/exon7/alignment/ABO_BB_barcode05.coverage.txt",
                "per_sample_processing/ABO_BB_barcode05/exon7/alignment/ABO_BB_barcode05.flagstat",
                "per_sample_processing/ABO_BB_barcode05/exon7/alignment/ABO_BB_barcode05.stats",
                "per_sample_processing/ABO_BB_barcode05/exon7/mpileup",
                "per_sample_processing/ABO_BB_barcode05/exon7/mpileup/ABO_BB_barcode05.mpileup.gz",
                "per_sample_processing/ABO_BO1_barcode06",
                "per_sample_processing/ABO_BO1_barcode06/exon6",
                "per_sample_processing/ABO_BO1_barcode06/exon6/ABO_BO1_barcode06.ABOPhenotype.txt",
                "per_sample_processing/ABO_BO1_barcode06/exon6/alignment",
                "per_sample_processing/ABO_BO1_barcode06/exon6/alignment/ABO_BO1_barcode06.bam",
                "per_sample_processing/ABO_BO1_barcode06/exon6/alignment/ABO_BO1_barcode06.bam.bai",
                "per_sample_processing/ABO_BO1_barcode06/exon6/alignment/ABO_BO1_barcode06.coverage.txt",
                "per_sample_processing/ABO_BO1_barcode06/exon6/alignment/ABO_BO1_barcode06.flagstat",
                "per_sample_processing/ABO_BO1_barcode06/exon6/alignment/ABO_BO1_barcode06.stats",
                "per_sample_processing/ABO_BO1_barcode06/exon6/mpileup",
                "per_sample_processing/ABO_BO1_barcode06/exon6/mpileup/ABO_BO1_barcode06.mpileup.gz",
                "per_sample_processing/ABO_BO1_barcode06/exon7",
                "per_sample_processing/ABO_BO1_barcode06/exon7/ABO_BO1_barcode06.ABOPhenotype.txt",
                "per_sample_processing/ABO_BO1_barcode06/exon7/alignment",
                "per_sample_processing/ABO_BO1_barcode06/exon7/alignment/ABO_BO1_barcode06.bam",
                "per_sample_processing/ABO_BO1_barcode06/exon7/alignment/ABO_BO1_barcode06.bam.bai",
                "per_sample_processing/ABO_BO1_barcode06/exon7/alignment/ABO_BO1_barcode06.coverage.txt",
                "per_sample_processing/ABO_BO1_barcode06/exon7/alignment/ABO_BO1_barcode06.flagstat",
                "per_sample_processing/ABO_BO1_barcode06/exon7/alignment/ABO_BO1_barcode06.stats",
                "per_sample_processing/ABO_BO1_barcode06/exon7/mpileup",
                "per_sample_processing/ABO_BO1_barcode06/exon7/mpileup/ABO_BO1_barcode06.mpileup.gz",
                "per_sample_processing/ABO_BO2_barcode07",
                "per_sample_processing/ABO_BO2_barcode07/exon6",
                "per_sample_processing/ABO_BO2_barcode07/exon6/ABO_BO2_barcode07.ABOPhenotype.txt",
                "per_sample_processing/ABO_BO2_barcode07/exon6/alignment",
                "per_sample_processing/ABO_BO2_barcode07/exon6/alignment/ABO_BO2_barcode07.bam",
                "per_sample_processing/ABO_BO2_barcode07/exon6/alignment/ABO_BO2_barcode07.bam.bai",
                "per_sample_processing/ABO_BO2_barcode07/exon6/alignment/ABO_BO2_barcode07.coverage.txt",
                "per_sample_processing/ABO_BO2_barcode07/exon6/alignment/ABO_BO2_barcode07.flagstat",
                "per_sample_processing/ABO_BO2_barcode07/exon6/alignment/ABO_BO2_barcode07.stats",
                "per_sample_processing/ABO_BO2_barcode07/exon6/mpileup",
                "per_sample_processing/ABO_BO2_barcode07/exon6/mpileup/ABO_BO2_barcode07.mpileup.gz",
                "per_sample_processing/ABO_BO2_barcode07/exon7",
                "per_sample_processing/ABO_BO2_barcode07/exon7/ABO_BO2_barcode07.ABOPhenotype.txt",
                "per_sample_processing/ABO_BO2_barcode07/exon7/alignment",
                "per_sample_processing/ABO_BO2_barcode07/exon7/alignment/ABO_BO2_barcode07.bam",
                "per_sample_processing/ABO_BO2_barcode07/exon7/alignment/ABO_BO2_barcode07.bam.bai",
                "per_sample_processing/ABO_BO2_barcode07/exon7/alignment/ABO_BO2_barcode07.coverage.txt",
                "per_sample_processing/ABO_BO2_barcode07/exon7/alignment/ABO_BO2_barcode07.flagstat",
                "per_sample_processing/ABO_BO2_barcode07/exon7/alignment/ABO_BO2_barcode07.stats",
                "per_sample_processing/ABO_BO2_barcode07/exon7/mpileup",
                "per_sample_processing/ABO_BO2_barcode07/exon7/mpileup/ABO_BO2_barcode07.mpileup.gz",
                "per_sample_processing/ABO_O1O1_barcode08",
                "per_sample_processing/ABO_O1O1_barcode08/exon6",
                "per_sample_processing/ABO_O1O1_barcode08/exon6/ABO_O1O1_barcode08.ABOPhenotype.txt",
                "per_sample_processing/ABO_O1O1_barcode08/exon6/alignment",
                "per_sample_processing/ABO_O1O1_barcode08/exon6/alignment/ABO_O1O1_barcode08.bam",
                "per_sample_processing/ABO_O1O1_barcode08/exon6/alignment/ABO_O1O1_barcode08.bam.bai",
                "per_sample_processing/ABO_O1O1_barcode08/exon6/alignment/ABO_O1O1_barcode08.coverage.txt",
                "per_sample_processing/ABO_O1O1_barcode08/exon6/alignment/ABO_O1O1_barcode08.flagstat",
                "per_sample_processing/ABO_O1O1_barcode08/exon6/alignment/ABO_O1O1_barcode08.stats",
                "per_sample_processing/ABO_O1O1_barcode08/exon6/mpileup",
                "per_sample_processing/ABO_O1O1_barcode08/exon6/mpileup/ABO_O1O1_barcode08.mpileup.gz",
                "per_sample_processing/ABO_O1O1_barcode08/exon7",
                "per_sample_processing/ABO_O1O1_barcode08/exon7/ABO_O1O1_barcode08.ABOPhenotype.txt",
                "per_sample_processing/ABO_O1O1_barcode08/exon7/alignment",
                "per_sample_processing/ABO_O1O1_barcode08/exon7/alignment/ABO_O1O1_barcode08.bam",
                "per_sample_processing/ABO_O1O1_barcode08/exon7/alignment/ABO_O1O1_barcode08.bam.bai",
                "per_sample_processing/ABO_O1O1_barcode08/exon7/alignment/ABO_O1O1_barcode08.coverage.txt",
                "per_sample_processing/ABO_O1O1_barcode08/exon7/alignment/ABO_O1O1_barcode08.flagstat",
                "per_sample_processing/ABO_O1O1_barcode08/exon7/alignment/ABO_O1O1_barcode08.stats",
                "per_sample_processing/ABO_O1O1_barcode08/exon7/mpileup",
                "per_sample_processing/ABO_O1O1_barcode08/exon7/mpileup/ABO_O1O1_barcode08.mpileup.gz",
                "per_sample_processing/ABO_O1O2_barcode09",
                "per_sample_processing/ABO_O1O2_barcode09/exon6",
                "per_sample_processing/ABO_O1O2_barcode09/exon6/ABO_O1O2_barcode09.ABOPhenotype.txt",
                "per_sample_processing/ABO_O1O2_barcode09/exon6/alignment",
                "per_sample_processing/ABO_O1O2_barcode09/exon6/alignment/ABO_O1O2_barcode09.bam",
                "per_sample_processing/ABO_O1O2_barcode09/exon6/alignment/ABO_O1O2_barcode09.bam.bai",
                "per_sample_processing/ABO_O1O2_barcode09/exon6/alignment/ABO_O1O2_barcode09.coverage.txt",
                "per_sample_processing/ABO_O1O2_barcode09/exon6/alignment/ABO_O1O2_barcode09.flagstat",
                "per_sample_processing/ABO_O1O2_barcode09/exon6/alignment/ABO_O1O2_barcode09.stats",
                "per_sample_processing/ABO_O1O2_barcode09/exon6/mpileup",
                "per_sample_processing/ABO_O1O2_barcode09/exon6/mpileup/ABO_O1O2_barcode09.mpileup.gz",
                "per_sample_processing/ABO_O1O2_barcode09/exon7",
                "per_sample_processing/ABO_O1O2_barcode09/exon7/ABO_O1O2_barcode09.ABOPhenotype.txt",
                "per_sample_processing/ABO_O1O2_barcode09/exon7/alignment",
                "per_sample_processing/ABO_O1O2_barcode09/exon7/alignment/ABO_O1O2_barcode09.bam",
                "per_sample_processing/ABO_O1O2_barcode09/exon7/alignment/ABO_O1O2_barcode09.bam.bai",
                "per_sample_processing/ABO_O1O2_barcode09/exon7/alignment/ABO_O1O2_barcode09.coverage.txt",
                "per_sample_processing/ABO_O1O2_barcode09/exon7/alignment/ABO_O1O2_barcode09.flagstat",
                "per_sample_processing/ABO_O1O2_barcode09/exon7/alignment/ABO_O1O2_barcode09.stats",
                "per_sample_processing/ABO_O1O2_barcode09/exon7/mpileup",
                "per_sample_processing/ABO_O1O2_barcode09/exon7/mpileup/ABO_O1O2_barcode09.mpileup.gz",
                "per_sample_processing/ABO_O2O2_barcode10",
                "per_sample_processing/ABO_O2O2_barcode10/exon6",
                "per_sample_processing/ABO_O2O2_barcode10/exon6/ABO_O2O2_barcode10.ABOPhenotype.txt",
                "per_sample_processing/ABO_O2O2_barcode10/exon6/alignment",
                "per_sample_processing/ABO_O2O2_barcode10/exon6/alignment/ABO_O2O2_barcode10.bam",
                "per_sample_processing/ABO_O2O2_barcode10/exon6/alignment/ABO_O2O2_barcode10.bam.bai",
                "per_sample_processing/ABO_O2O2_barcode10/exon6/alignment/ABO_O2O2_barcode10.coverage.txt",
                "per_sample_processing/ABO_O2O2_barcode10/exon6/alignment/ABO_O2O2_barcode10.flagstat",
                "per_sample_processing/ABO_O2O2_barcode10/exon6/alignment/ABO_O2O2_barcode10.stats",
                "per_sample_processing/ABO_O2O2_barcode10/exon6/mpileup",
                "per_sample_processing/ABO_O2O2_barcode10/exon6/mpileup/ABO_O2O2_barcode10.mpileup.gz",
                "per_sample_processing/ABO_O2O2_barcode10/exon7",
                "per_sample_processing/ABO_O2O2_barcode10/exon7/ABO_O2O2_barcode10.ABOPhenotype.txt",
                "per_sample_processing/ABO_O2O2_barcode10/exon7/alignment",
                "per_sample_processing/ABO_O2O2_barcode10/exon7/alignment/ABO_O2O2_barcode10.bam",
                "per_sample_processing/ABO_O2O2_barcode10/exon7/alignment/ABO_O2O2_barcode10.bam.bai",
                "per_sample_processing/ABO_O2O2_barcode10/exon7/alignment/ABO_O2O2_barcode10.coverage.txt",
                "per_sample_processing/ABO_O2O2_barcode10/exon7/alignment/ABO_O2O2_barcode10.flagstat",
                "per_sample_processing/ABO_O2O2_barcode10/exon7/alignment/ABO_O2O2_barcode10.stats",
                "per_sample_processing/ABO_O2O2_barcode10/exon7/mpileup",
                "per_sample_processing/ABO_O2O2_barcode10/exon7/mpileup/ABO_O2O2_barcode10.mpileup.gz",
                "pipeline_info",
                "pipeline_info/nf_core_abotyper_software_mqc_versions.yml",
                "qc-reports",
                "qc-reports/fastqc",
                "qc-reports/fastqc/ABO_AA_barcode01_fastqc.html",
                "qc-reports/fastqc/ABO_AA_barcode01_fastqc.zip",
                "qc-reports/fastqc/ABO_AB_barcode02_fastqc.html",
                "qc-reports/fastqc/ABO_AB_barcode02_fastqc.zip",
                "qc-reports/fastqc/ABO_AO1_barcode03_fastqc.html",
                "qc-reports/fastqc/ABO_AO1_barcode03_fastqc.zip",
                "qc-reports/fastqc/ABO_AO2_barcode04_fastqc.html",
                "qc-reports/fastqc/ABO_AO2_barcode04_fastqc.zip",
                "qc-reports/fastqc/ABO_BB_barcode05_fastqc.html",
                "qc-reports/fastqc/ABO_BB_barcode05_fastqc.zip",
                "qc-reports/fastqc/ABO_BO1_barcode06_fastqc.html",
                "qc-reports/fastqc/ABO_BO1_barcode06_fastqc.zip",
                "qc-reports/fastqc/ABO_BO2_barcode07_fastqc.html",
                "qc-reports/fastqc/ABO_BO2_barcode07_fastqc.zip",
                "qc-reports/fastqc/ABO_O1O1_barcode08_fastqc.html",
                "qc-reports/fastqc/ABO_O1O1_barcode08_fastqc.zip",
                "qc-reports/fastqc/ABO_O1O2_barcode09_fastqc.html",
                "qc-reports/fastqc/ABO_O1O2_barcode09_fastqc.zip",
                "qc-reports/fastqc/ABO_O2O2_barcode10_fastqc.html",
                "qc-reports/fastqc/ABO_O2O2_barcode10_fastqc.zip",
                "qc-reports/multiqc",
                "qc-reports/multiqc/multiqc_data",
                "qc-reports/multiqc/multiqc_data/BETA-multiqc.parquet",
                "qc-reports/multiqc/multiqc_data/fastqc-status-check-heatmap.txt",
                "qc-reports/multiqc/multiqc_data/fastqc_adapter_content_plot.txt",
                "qc-reports/multiqc/multiqc_data/fastqc_overrepresented_sequences_plot.txt",
                "qc-reports/multiqc/multiqc_data/fastqc_per_base_n_content_plot.txt",
                "qc-reports/multiqc/multiqc_data/fastqc_per_base_sequence_quality_plot.txt",
                "qc-reports/multiqc/multiqc_data/fastqc_per_sequence_gc_content_plot_Counts.txt",
                "qc-reports/multiqc/multiqc_data/fastqc_per_sequence_gc_content_plot_Percentages.txt",
                "qc-reports/multiqc/multiqc_data/fastqc_per_sequence_quality_scores_plot.txt",
                "qc-reports/multiqc/multiqc_data/fastqc_sequence_counts_plot.txt",
                "qc-reports/multiqc/multiqc_data/fastqc_sequence_duplication_levels_plot.txt",
                "qc-reports/multiqc/multiqc_data/fastqc_sequence_length_distribution_plot.txt",
                "qc-reports/multiqc/multiqc_data/fastqc_top_overrepresented_sequences_table.txt",
                "qc-reports/multiqc/multiqc_data/llms-full.txt",
                "qc-reports/multiqc/multiqc_data/multiqc.log",
                "qc-reports/multiqc/multiqc_data/multiqc_citations.txt",
                "qc-reports/multiqc/multiqc_data/multiqc_data.json",
                "qc-reports/multiqc/multiqc_data/multiqc_fastqc.txt",
                "qc-reports/multiqc/multiqc_data/multiqc_general_stats.txt",
                "qc-reports/multiqc/multiqc_data/multiqc_samtools_coverage.txt",
                "qc-reports/multiqc/multiqc_data/multiqc_software_versions.txt",
                "qc-reports/multiqc/multiqc_data/multiqc_sources.txt",
                "qc-reports/multiqc/multiqc_data/samtools-coverage-table.txt",
                "qc-reports/multiqc/multiqc_data/samtools-coverage_BQ.txt",
                "qc-reports/multiqc/multiqc_data/samtools-coverage_Bases.txt",
                "qc-reports/multiqc/multiqc_data/samtools-coverage_Coverage.txt",
                "qc-reports/multiqc/multiqc_data/samtools-coverage_MQ.txt",
                "qc-reports/multiqc/multiqc_data/samtools-coverage_Mean_depth.txt",
                "qc-reports/multiqc/multiqc_data/samtools-coverage_Reads.txt",
                "qc-reports/multiqc/multiqc_plots",
                "qc-reports/multiqc/multiqc_plots/pdf",
                "qc-reports/multiqc/multiqc_plots/pdf/fastqc-status-check-heatmap.pdf",
                "qc-reports/multiqc/multiqc_plots/pdf/fastqc_adapter_content_plot.pdf",
                "qc-reports/multiqc/multiqc_plots/pdf/fastqc_overrepresented_sequences_plot.pdf",
                "qc-reports/multiqc/multiqc_plots/pdf/fastqc_per_base_n_content_plot.pdf",
                "qc-reports/multiqc/multiqc_plots/pdf/fastqc_per_base_sequence_quality_plot.pdf",
                "qc-reports/multiqc/multiqc_plots/pdf/fastqc_per_sequence_gc_content_plot_Counts.pdf",
                "qc-reports/multiqc/multiqc_plots/pdf/fastqc_per_sequence_gc_content_plot_Percentages.pdf",
                "qc-reports/multiqc/multiqc_plots/pdf/fastqc_per_sequence_quality_scores_plot.pdf",
                "qc-reports/multiqc/multiqc_plots/pdf/fastqc_sequence_counts_plot-cnt.pdf",
                "qc-reports/multiqc/multiqc_plots/pdf/fastqc_sequence_counts_plot-pct.pdf",
                "qc-reports/multiqc/multiqc_plots/pdf/fastqc_sequence_duplication_levels_plot.pdf",
                "qc-reports/multiqc/multiqc_plots/pdf/fastqc_sequence_length_distribution_plot.pdf",
                "qc-reports/multiqc/multiqc_plots/pdf/fastqc_top_overrepresented_sequences_table.pdf",
                "qc-reports/multiqc/multiqc_plots/pdf/samtools-coverage-table.pdf",
                "qc-reports/multiqc/multiqc_plots/pdf/samtools-coverage_BQ-cnt.pdf",
                "qc-reports/multiqc/multiqc_plots/pdf/samtools-coverage_BQ-log.pdf",
                "qc-reports/multiqc/multiqc_plots/pdf/samtools-coverage_Bases-cnt.pdf",
                "qc-reports/multiqc/multiqc_plots/pdf/samtools-coverage_Bases-log.pdf",
                "qc-reports/multiqc/multiqc_plots/pdf/samtools-coverage_Coverage-cnt.pdf",
                "qc-reports/multiqc/multiqc_plots/pdf/samtools-coverage_Coverage-log.pdf",
                "qc-reports/multiqc/multiqc_plots/pdf/samtools-coverage_MQ-cnt.pdf",
                "qc-reports/multiqc/multiqc_plots/pdf/samtools-coverage_MQ-log.pdf",
                "qc-reports/multiqc/multiqc_plots/pdf/samtools-coverage_Mean_depth-cnt.pdf",
                "qc-reports/multiqc/multiqc_plots/pdf/samtools-coverage_Mean_depth-log.pdf",
                "qc-reports/multiqc/multiqc_plots/pdf/samtools-coverage_Reads-cnt.pdf",
                "qc-reports/multiqc/multiqc_plots/pdf/samtools-coverage_Reads-log.pdf",
                "qc-reports/multiqc/multiqc_plots/png",
                "qc-reports/multiqc/multiqc_plots/png/fastqc-status-check-heatmap.png",
                "qc-reports/multiqc/multiqc_plots/png/fastqc_adapter_content_plot.png",
                "qc-reports/multiqc/multiqc_plots/png/fastqc_overrepresented_sequences_plot.png",
                "qc-reports/multiqc/multiqc_plots/png/fastqc_per_base_n_content_plot.png",
                "qc-reports/multiqc/multiqc_plots/png/fastqc_per_base_sequence_quality_plot.png",
                "qc-reports/multiqc/multiqc_plots/png/fastqc_per_sequence_gc_content_plot_Counts.png",
                "qc-reports/multiqc/multiqc_plots/png/fastqc_per_sequence_gc_content_plot_Percentages.png",
                "qc-reports/multiqc/multiqc_plots/png/fastqc_per_sequence_quality_scores_plot.png",
                "qc-reports/multiqc/multiqc_plots/png/fastqc_sequence_counts_plot-cnt.png",
                "qc-reports/multiqc/multiqc_plots/png/fastqc_sequence_counts_plot-pct.png",
                "qc-reports/multiqc/multiqc_plots/png/fastqc_sequence_duplication_levels_plot.png",
                "qc-reports/multiqc/multiqc_plots/png/fastqc_sequence_length_distribution_plot.png",
                "qc-reports/multiqc/multiqc_plots/png/fastqc_top_overrepresented_sequences_table.png",
                "qc-reports/multiqc/multiqc_plots/png/samtools-coverage-table.png",
                "qc-reports/multiqc/multiqc_plots/png/samtools-coverage_BQ-cnt.png",
                "qc-reports/multiqc/multiqc_plots/png/samtools-coverage_BQ-log.png",
                "qc-reports/multiqc/multiqc_plots/png/samtools-coverage_Bases-cnt.png",
                "qc-reports/multiqc/multiqc_plots/png/samtools-coverage_Bases-log.png",
                "qc-reports/multiqc/multiqc_plots/png/samtools-coverage_Coverage-cnt.png",
                "qc-reports/multiqc/multiqc_plots/png/samtools-coverage_Coverage-log.png",
                "qc-reports/multiqc/multiqc_plots/png/samtools-coverage_MQ-cnt.png",
                "qc-reports/multiqc/multiqc_plots/png/samtools-coverage_MQ-log.png",
                "qc-reports/multiqc/multiqc_plots/png/samtools-coverage_Mean_depth-cnt.png",
                "qc-reports/multiqc/multiqc_plots/png/samtools-coverage_Mean_depth-log.png",
                "qc-reports/multiqc/multiqc_plots/png/samtools-coverage_Reads-cnt.png",
                "qc-reports/multiqc/multiqc_plots/png/samtools-coverage_Reads-log.png",
                "qc-reports/multiqc/multiqc_plots/svg",
                "qc-reports/multiqc/multiqc_plots/svg/fastqc-status-check-heatmap.svg",
                "qc-reports/multiqc/multiqc_plots/svg/fastqc_adapter_content_plot.svg",
                "qc-reports/multiqc/multiqc_plots/svg/fastqc_overrepresented_sequences_plot.svg",
                "qc-reports/multiqc/multiqc_plots/svg/fastqc_per_base_n_content_plot.svg",
                "qc-reports/multiqc/multiqc_plots/svg/fastqc_per_base_sequence_quality_plot.svg",
                "qc-reports/multiqc/multiqc_plots/svg/fastqc_per_sequence_gc_content_plot_Counts.svg",
                "qc-reports/multiqc/multiqc_plots/svg/fastqc_per_sequence_gc_content_plot_Percentages.svg",
                "qc-reports/multiqc/multiqc_plots/svg/fastqc_per_sequence_quality_scores_plot.svg",
                "qc-reports/multiqc/multiqc_plots/svg/fastqc_sequence_counts_plot-cnt.svg",
                "qc-reports/multiqc/multiqc_plots/svg/fastqc_sequence_counts_plot-pct.svg",
                "qc-reports/multiqc/multiqc_plots/svg/fastqc_sequence_duplication_levels_plot.svg",
                "qc-reports/multiqc/multiqc_plots/svg/fastqc_sequence_length_distribution_plot.svg",
                "qc-reports/multiqc/multiqc_plots/svg/fastqc_top_overrepresented_sequences_table.svg",
                "qc-reports/multiqc/multiqc_plots/svg/samtools-coverage-table.svg",
                "qc-reports/multiqc/multiqc_plots/svg/samtools-coverage_BQ-cnt.svg",
                "qc-reports/multiqc/multiqc_plots/svg/samtools-coverage_BQ-log.svg",
                "qc-reports/multiqc/multiqc_plots/svg/samtools-coverage_Bases-cnt.svg",
                "qc-reports/multiqc/multiqc_plots/svg/samtools-coverage_Bases-log.svg",
                "qc-reports/multiqc/multiqc_plots/svg/samtools-coverage_Coverage-cnt.svg",
                "qc-reports/multiqc/multiqc_plots/svg/samtools-coverage_Coverage-log.svg",
                "qc-reports/multiqc/multiqc_plots/svg/samtools-coverage_MQ-cnt.svg",
                "qc-reports/multiqc/multiqc_plots/svg/samtools-coverage_MQ-log.svg",
                "qc-reports/multiqc/multiqc_plots/svg/samtools-coverage_Mean_depth-cnt.svg",
                "qc-reports/multiqc/multiqc_plots/svg/samtools-coverage_Mean_depth-log.svg",
                "qc-reports/multiqc/multiqc_plots/svg/samtools-coverage_Reads-cnt.svg",
                "qc-reports/multiqc/multiqc_plots/svg/samtools-coverage_Reads-log.svg",
                "qc-reports/multiqc/multiqc_report.html"
            ],
            [
                "ABO_result.txt:md5,e59de06d71e9f17eb64e3b5101edc9b2",
                "final_export.csv:md5,6a2bfc13d4933a4c9713d149d8f4bacb",
                "ABO_AA_barcode01.ABOPhenotype.txt:md5,16e030e06f28f24f59f136f9360b01ea",
                "ABO_AA_barcode01.bam:md5,b424e421a8c6b1f7049931b3828d23c8",
                "ABO_AA_barcode01.mpileup.gz:md5,0b00e7653c951cacffbdbff3cd0eae42",
                "ABO_AA_barcode01.ABOPhenotype.txt:md5,12a3aecde32df3776687f461fb8fa397",
                "ABO_AA_barcode01.bam:md5,ab3c7184cd8e44061705cd8a23c38164",
                "ABO_AA_barcode01.mpileup.gz:md5,fa444884fdad81dff54e556d424c23d5",
                "ABO_AB_barcode02.ABOPhenotype.txt:md5,6f1cb9d4e2d179534de165dd8f7268d8",
                "ABO_AB_barcode02.bam:md5,b13e1bc494b6ffca567d9db639442880",
                "ABO_AB_barcode02.mpileup.gz:md5,b753f695ee09e94a19cd3f65044b3766",
                "ABO_AB_barcode02.ABOPhenotype.txt:md5,ebfaaf6bc9966bb17efff2cb6eb99dd4",
                "ABO_AB_barcode02.bam:md5,222b5e9c23caf80fd43554d7511d9724",
                "ABO_AB_barcode02.mpileup.gz:md5,234671de4ba1240faaafe166becc58b2",
                "ABO_AO1_barcode03.ABOPhenotype.txt:md5,6e068b76685980485b89f71d7ab47a5e",
                "ABO_AO1_barcode03.bam:md5,d3a98be9bb666b6d696b52f3a090049f",
                "ABO_AO1_barcode03.mpileup.gz:md5,c90aec155418ee6054aac391f9e86266",
                "ABO_AO1_barcode03.ABOPhenotype.txt:md5,4b045aa70eab44a2255f97d5d66fc9fa",
                "ABO_AO1_barcode03.bam:md5,34494921653302dc203df1e15ddb1253",
                "ABO_AO1_barcode03.mpileup.gz:md5,8bfbfd04c3fe570fad58af208849dc44",
                "ABO_AO2_barcode04.ABOPhenotype.txt:md5,aaa38d279ea3b1d15c5e6c6d1a05d8dc",
                "ABO_AO2_barcode04.bam:md5,da918f69143cc1da7448af963159fda8",
                "ABO_AO2_barcode04.mpileup.gz:md5,2e3abb8d0d3a3f73762003c028113492",
                "ABO_AO2_barcode04.ABOPhenotype.txt:md5,9023c51883cb812182fea8cad12f9da5",
                "ABO_AO2_barcode04.bam:md5,4f8caffec6311917f5ad58c180dddf3d",
                "ABO_AO2_barcode04.mpileup.gz:md5,a280bedf1a75e240fad559baf6bf6e6e",
                "ABO_BB_barcode05.ABOPhenotype.txt:md5,87de2fb6d908a20c0f309f93093a16bc",
                "ABO_BB_barcode05.bam:md5,c05840757877ce4deadb32735515c694",
                "ABO_BB_barcode05.mpileup.gz:md5,1a41bed15f0a39d9f72dd3aca7d05156",
                "ABO_BB_barcode05.ABOPhenotype.txt:md5,7dd450e19e0f7b27a66f44530cdd7b11",
                "ABO_BB_barcode05.bam:md5,96403ba7811555e2b24feb8f81f0cf30",
                "ABO_BB_barcode05.mpileup.gz:md5,706d57bedcc5a21839ab397e4e4ddd39",
                "ABO_BO1_barcode06.ABOPhenotype.txt:md5,48715a62b5f14e9e9b53633290b28716",
                "ABO_BO1_barcode06.bam:md5,fcb6805c82e2e0a9dd32172b386fdb21",
                "ABO_BO1_barcode06.mpileup.gz:md5,7529936d4fe7ee24b16e5dff21261a93",
                "ABO_BO1_barcode06.ABOPhenotype.txt:md5,78881ac8439e0d1044f26d31bddbf09a",
                "ABO_BO1_barcode06.bam:md5,4b6bba32d2889b57b0672ec989f7d9f0",
                "ABO_BO1_barcode06.mpileup.gz:md5,2f19d75dacd81aa0974ffc6134589823",
                "ABO_BO2_barcode07.ABOPhenotype.txt:md5,18d323bd20cb6ea147a0be0b173b1f0a",
                "ABO_BO2_barcode07.bam:md5,c6badc2212098a791676385f03e50748",
                "ABO_BO2_barcode07.mpileup.gz:md5,4efd957f864a4699bad02a65bd60ca31",
                "ABO_BO2_barcode07.ABOPhenotype.txt:md5,1eee881654b470285aefad9173b9b490",
                "ABO_BO2_barcode07.bam:md5,2883c466c35bbc44c36dad412174e5fa",
                "ABO_BO2_barcode07.mpileup.gz:md5,21af3844abc641d5d5d7d942ab5c82cb",
                "ABO_O1O1_barcode08.ABOPhenotype.txt:md5,09247cbfde826afa5f0f56f124add072",
                "ABO_O1O1_barcode08.bam:md5,9bfaf442f0ea02a3fae410f99fb2b5e6",
                "ABO_O1O1_barcode08.mpileup.gz:md5,0a08f6115ff47b9cb40ea91a97450589",
                "ABO_O1O1_barcode08.ABOPhenotype.txt:md5,1bf83a2b5e0610080279634ec6fa77f8",
                "ABO_O1O1_barcode08.bam:md5,e7e3cd1fe26a012db644faae6b37bc06",
                "ABO_O1O1_barcode08.mpileup.gz:md5,9a9162f294aa2123ac0ee195ed398792",
                "ABO_O1O2_barcode09.ABOPhenotype.txt:md5,426da1ade98942334d4161ec9ba88979",
                "ABO_O1O2_barcode09.bam:md5,e279f5eabb5ccf5ec40418224e0b9e19",
                "ABO_O1O2_barcode09.mpileup.gz:md5,ff7c8f0470a58f0ca90cbe435efd1c28",
                "ABO_O1O2_barcode09.ABOPhenotype.txt:md5,a2adf14d439882593958a1e5b3c75c14",
                "ABO_O1O2_barcode09.bam:md5,11840d9272f5ea9a351f5e6088568e7a",
                "ABO_O1O2_barcode09.mpileup.gz:md5,362dcfcc858fe65cd525f8ec3439835e",
                "ABO_O2O2_barcode10.ABOPhenotype.txt:md5,292dd882b79aee6288ac63f4168d560d",
                "ABO_O2O2_barcode10.bam:md5,4fda2aefe3f9e37120d2957388f06036",
                "ABO_O2O2_barcode10.mpileup.gz:md5,5048b380aaffd149610adfee12cf129d",
                "ABO_O2O2_barcode10.ABOPhenotype.txt:md5,af65c5a1b51d1505d12327d39d6c3950",
                "ABO_O2O2_barcode10.bam:md5,b6654e03f72b9032c1e7622e7c8961ab",
                "ABO_O2O2_barcode10.mpileup.gz:md5,052fa6d15b187f0ba9ed9181dc1b773f",
                "fastqc-status-check-heatmap.txt:md5,027ccd56be1616679f0dc6813b7e444b",
                "fastqc_adapter_content_plot.txt:md5,f91a385385f09bdc0e52bae2ed91b4e5",
                "fastqc_overrepresented_sequences_plot.txt:md5,985daba11ca1a4d5afe68bec3c3b7b4a",
                "fastqc_per_base_n_content_plot.txt:md5,e9576b7802afa8f9579525ce227eec59",
                "fastqc_per_base_sequence_quality_plot.txt:md5,a4ebc9e98827e8505bda2bf6a3151073",
                "fastqc_per_sequence_gc_content_plot_Counts.txt:md5,9dd56d347bfc5d739023ec2e041617ee",
                "fastqc_per_sequence_gc_content_plot_Percentages.txt:md5,0b30f2c623bda8f93ce6364556b2f5ee",
                "fastqc_per_sequence_quality_scores_plot.txt:md5,f11bc486e66497435bdb59eb42064e45",
                "fastqc_sequence_counts_plot.txt:md5,9687e698ba02b47579f0c504fe6a1e34",
                "fastqc_sequence_duplication_levels_plot.txt:md5,8037d731e2d82376ace6fe8a1f33bc92",
                "fastqc_sequence_length_distribution_plot.txt:md5,a0f28e3ac844d984d4c5eee19ef48937",
                "multiqc_citations.txt:md5,ee1baba4adea57b43a9ae59ce7e1dd7f",
                "multiqc_fastqc.txt:md5,e94d8213c0cc4fb51263069b11eee3f3"
            ]
        ],
        "timestamp": "2026-03-27T13:42:53.768654974",
        "meta": {
            "nf-test": "0.9.5",
            "nextflow": "25.10.4"
        }
    }
}