{
    "abotyper - ABO_AA_barcode01 - exon6 - stub": {
        "content": [
            {
                "0": [
                    [
                        {
                            "id": "ABO_AA_barcode01",
                            "exon": "exon6"
                        },
                        "ABO_AA_barcode01.ABOPhenotype.txt:md5,d41d8cd98f00b204e9800998ecf8427e"
                    ]
                ],
                "1": [
                    [
                        {
                            "id": "ABO_AA_barcode01",
                            "exon": "exon6"
                        },
                        "ABO_AA_barcode01.log.txt:md5,d41d8cd98f00b204e9800998ecf8427e"
                    ]
                ],
                "2": [
                    "versions.yml:md5,19a60119f806bed1d8c37285c5c96e50"
                ],
                "log": [
                    [
                        {
                            "id": "ABO_AA_barcode01",
                            "exon": "exon6"
                        },
                        "ABO_AA_barcode01.log.txt:md5,d41d8cd98f00b204e9800998ecf8427e"
                    ]
                ],
                "phenotype": [
                    [
                        {
                            "id": "ABO_AA_barcode01",
                            "exon": "exon6"
                        },
                        "ABO_AA_barcode01.ABOPhenotype.txt:md5,d41d8cd98f00b204e9800998ecf8427e"
                    ]
                ],
                "versions": [
                    "versions.yml:md5,19a60119f806bed1d8c37285c5c96e50"
                ]
            }
        ],
        "meta": {
            "nf-test": "0.9.2",
            "nextflow": "25.04.7"
        },
        "timestamp": "2025-09-11T08:00:05.999214931"
    },
    "abotyper - ABO_AB_barcode02 - exon7 - stub": {
        "content": [
            {
                "0": [
                    [
                        {
                            "id": "ABO_AB_barcode02",
                            "exon": "exon7"
                        },
                        "ABO_AB_barcode02.ABOPhenotype.txt:md5,d41d8cd98f00b204e9800998ecf8427e"
                    ]
                ],
                "1": [
                    [
                        {
                            "id": "ABO_AB_barcode02",
                            "exon": "exon7"
                        },
                        "ABO_AB_barcode02.log.txt:md5,d41d8cd98f00b204e9800998ecf8427e"
                    ]
                ],
                "2": [
                    "versions.yml:md5,19a60119f806bed1d8c37285c5c96e50"
                ],
                "log": [
                    [
                        {
                            "id": "ABO_AB_barcode02",
                            "exon": "exon7"
                        },
                        "ABO_AB_barcode02.log.txt:md5,d41d8cd98f00b204e9800998ecf8427e"
                    ]
                ],
                "phenotype": [
                    [
                        {
                            "id": "ABO_AB_barcode02",
                            "exon": "exon7"
                        },
                        "ABO_AB_barcode02.ABOPhenotype.txt:md5,d41d8cd98f00b204e9800998ecf8427e"
                    ]
                ],
                "versions": [
                    "versions.yml:md5,19a60119f806bed1d8c37285c5c96e50"
                ]
            }
        ],
        "meta": {
            "nf-test": "0.9.2",
            "nextflow": "25.04.7"
        },
        "timestamp": "2025-09-11T08:00:18.36174549"
    },
    "ABO_AB_barcode02_exon7": {
        "content": [
            [
                "Exon 7:",
                "",
                "Exon 7 position(1-based): 422"
            ],
            [
                "versions.yml:md5,19a60119f806bed1d8c37285c5c96e50"
            ]
        ],
        "meta": {
            "nf-test": "0.9.2",
            "nextflow": "25.04.7"
        },
        "timestamp": "2025-09-11T07:59:53.789509305"
    },
    "ABO_AB_barcode02_exon6": {
        "content": [
            [
                "Exon 6:",
                "",
                "Exon 6 position(1-based): 22"
            ],
            [
                "versions.yml:md5,19a60119f806bed1d8c37285c5c96e50"
            ]
        ],
        "meta": {
            "nf-test": "0.9.2",
            "nextflow": "25.04.7"
        },
        "timestamp": "2025-09-11T07:59:39.681309238"
    },
    "ABO_AA_barcode01_exon7": {
        "content": [
            [
                "Exon 7:",
                "",
                "Exon 7 position(1-based): 422"
            ],
            [
                "versions.yml:md5,19a60119f806bed1d8c37285c5c96e50"
            ]
        ],
        "meta": {
            "nf-test": "0.9.2",
            "nextflow": "25.04.7"
        },
        "timestamp": "2025-09-11T07:59:26.130488643"
    },
    "ABO_AA_barcode01_exon6": {
        "content": [
            [
                "Exon 6:",
                "",
                "Exon 6 position(1-based): 22"
            ],
            [
                "versions.yml:md5,19a60119f806bed1d8c37285c5c96e50"
            ]
        ],
        "meta": {
            "nf-test": "0.9.2",
            "nextflow": "25.04.7"
        },
        "timestamp": "2025-09-11T07:59:12.087415529"
    }
}