{
    "abotyper - reference fai to bed conversion - stub": {
        "content": [
            {
                "0": [
                    [
                        {
                            "id": "A1_01_01_1_reference_Exon6.fasta",
                            "exon": "exon6"
                        },
                        "A1_01_01_1_reference_Exon6_exon6.bed:md5,d41d8cd98f00b204e9800998ecf8427e"
                    ]
                ],
                "1": [
                    [
                        {
                            "id": "A1_01_01_1_reference_Exon7.fasta",
                            "exon": "exon7"
                        },
                        "A1_01_01_1_reference_Exon7_exon7.bed:md5,d41d8cd98f00b204e9800998ecf8427e"
                    ]
                ],
                "2": [
                    "versions.yml:md5,2896a2f74aab78b3419d2fe617e4fd32"
                ],
                "exon6bed": [
                    [
                        {
                            "id": "A1_01_01_1_reference_Exon6.fasta",
                            "exon": "exon6"
                        },
                        "A1_01_01_1_reference_Exon6_exon6.bed:md5,d41d8cd98f00b204e9800998ecf8427e"
                    ]
                ],
                "exon7bed": [
                    [
                        {
                            "id": "A1_01_01_1_reference_Exon7.fasta",
                            "exon": "exon7"
                        },
                        "A1_01_01_1_reference_Exon7_exon7.bed:md5,d41d8cd98f00b204e9800998ecf8427e"
                    ]
                ],
                "versions": [
                    "versions.yml:md5,2896a2f74aab78b3419d2fe617e4fd32"
                ]
            }
        ],
        "timestamp": "2025-09-11T07:20:02.247499339",
        "meta": {
            "nf-test": "0.9.2",
            "nextflow": "25.04.7"
        }
    },
    "abotyper - complex id handling": {
        "content": [
            {
                "id": "test.complex.name.fasta",
                "exon": "exon6"
            },
            {
                "id": "another.test.fasta",
                "exon": "exon7"
            },
            "test_exon6.bed",
            "another_exon7.bed"
        ],
        "timestamp": "2025-09-11T07:19:50.862540453",
        "meta": {
            "nf-test": "0.9.2",
            "nextflow": "25.04.7"
        }
    },
    "abotyper - reference fai to bed conversion": {
        "content": [
            "Exon6\t0\t134\n",
            "Exon7\t0\t816\n",
            [
                "versions.yml:md5,2896a2f74aab78b3419d2fe617e4fd32"
            ]
        ],
        "timestamp": "2025-09-11T07:19:39.539906054",
        "meta": {
            "nf-test": "0.9.2",
            "nextflow": "25.04.7"
        }
    }
}